../Core/Src/main.c:99:5:main	8	static
../Core/Src/main.c:195:6:SystemClock_Config	88	static
../Core/Src/main.c:243:13:MX_RTC_Init	16	static
../Core/Src/main.c:301:13:MX_TIM2_Init	32	static
../Core/Src/main.c:346:13:MX_TIM3_Init	64	static
../Core/Src/main.c:409:13:MX_TIM4_Init	64	static
../Core/Src/main.c:480:13:MX_USART1_UART_Init	8	static
../Core/Src/main.c:513:13:MX_GPIO_Init	40	static
../Core/Src/main.c:540:6:HAL_UART_RxCpltCallback	16	static
../Core/Src/main.c:553:6:Error_Handler	4	static,ignoring_inline_asm
