../Core/Src/main.c:64:6:delay	16	static
../Core/Src/main.c:71:6:Display_Temp	40	static
../Core/Src/main.c:81:6:Display_Rh	40	static
../Core/Src/main.c:98:6:Set_Pin_Output	40	static
../Core/Src/main.c:107:6:Set_Pin_Input	40	static
../Core/Src/main.c:121:6:DHT22_Start	8	static
../Core/Src/main.c:133:9:DHT22_Check_Response	16	static
../Core/Src/main.c:150:9:DHT22_Read	16	static
../Core/Src/main.c:175:5:main	8	static
../Core/Src/main.c:249:6:SystemClock_Config	88	static
../Core/Src/main.c:296:13:MX_I2C1_Init	8	static
../Core/Src/main.c:330:13:MX_TIM6_Init	16	static
../Core/Src/main.c:368:13:MX_GPIO_Init	40	static
../Core/Src/main.c:401:6:Error_Handler	4	static,ignoring_inline_asm
