../Core/Src/main.c:107:5:main	8	static
../Core/Src/main.c:214:6:SystemClock_Config	88	static
../Core/Src/main.c:261:13:MX_ADC1_Init	24	static
../Core/Src/main.c:313:13:MX_I2C1_Init	8	static
../Core/Src/main.c:347:13:MX_TIM11_Init	8	static
../Core/Src/main.c:378:13:MX_USART1_UART_Init	8	static
../Core/Src/main.c:411:13:MX_GPIO_Init	48	static
../Core/Src/main.c:439:6:HAL_UART_RxCpltCallback	16	static
../Core/Src/main.c:448:6:I2C_Scan	48	static
../Core/Src/main.c:475:6:Error_Handler	4	static,ignoring_inline_asm
