23:32:55 **** Incremental Build of configuration Debug for project GROWLEDS ****
make -j12 all 
arm-none-eabi-gcc "../Core/Src/main.c" -mcpu=cortex-m3 -std=gnu11 -g3 -DDEBUG -DUSE_HAL_DRIVER -DSTM32F103xB -c -I../Core/Inc -I../Drivers/STM32F1xx_HAL_Driver/Inc/Legacy -I../Drivers/STM32F1xx_HAL_Driver/Inc -I../Drivers/CMSIS/Device/ST/STM32F1xx/Include -I../Drivers/CMSIS/Include -O0 -ffunction-sections -fdata-sections -Wall -fstack-usage -fcyclomatic-complexity -MMD -MP -MF"Core/Src/main.d" -MT"Core/Src/main.o" --specs=nano.specs -mfloat-abi=soft -mthumb -o "Core/Src/main.o"
arm-none-eabi-gcc -o "GROWLEDS.elf" @"objects.list"   -mcpu=cortex-m3 -T"E:\Hidroponia_colectiva\Software\bluepill_actuadores\GROWLEDS\STM32F103C8TX_FLASH.ld" --specs=nosys.specs -Wl,-Map="GROWLEDS.map" -Wl,--gc-sections -static --specs=nano.specs -mfloat-abi=soft -mthumb -Wl,--start-group -lc -lm -Wl,--end-group
Finished building target: GROWLEDS.elf
 
arm-none-eabi-size  GROWLEDS.elf 
arm-none-eabi-objdump -h -S GROWLEDS.elf  > "GROWLEDS.list"
   text	   data	    bss	    dec	    hex	filename
   8332	     12	   1644	   9988	   2704	GROWLEDS.elf
Finished building: default.size.stdout
 
Finished building: GROWLEDS.list
 

23:32:57 Build Finished. 0 errors, 0 warnings. (took 2s.179ms)

