21:50:58 **** Incremental Build of configuration Debug for project RACK0 ****
make -j12 all 
arm-none-eabi-gcc "../Core/Src/main.c" -mcpu=cortex-m3 -std=gnu11 -g3 -DDEBUG -DUSE_HAL_DRIVER -DSTM32F103xB -c -I../Core/Inc -I../Drivers/STM32F1xx_HAL_Driver/Inc/Legacy -I../Drivers/STM32F1xx_HAL_Driver/Inc -I../Drivers/CMSIS/Device/ST/STM32F1xx/Include -I../Drivers/CMSIS/Include -O0 -ffunction-sections -fdata-sections -Wall -fstack-usage -fcyclomatic-complexity -MMD -MP -MF"Core/Src/main.d" -MT"Core/Src/main.o" --specs=nano.specs -mfloat-abi=soft -mthumb -o "Core/Src/main.o"
arm-none-eabi-gcc "../Core/Src/utils.c" -mcpu=cortex-m3 -std=gnu11 -g3 -DDEBUG -DUSE_HAL_DRIVER -DSTM32F103xB -c -I../Core/Inc -I../Drivers/STM32F1xx_HAL_Driver/Inc/Legacy -I../Drivers/STM32F1xx_HAL_Driver/Inc -I../Drivers/CMSIS/Device/ST/STM32F1xx/Include -I../Drivers/CMSIS/Include -O0 -ffunction-sections -fdata-sections -Wall -fstack-usage -fcyclomatic-complexity -MMD -MP -MF"Core/Src/utils.d" -MT"Core/Src/utils.o" --specs=nano.specs -mfloat-abi=soft -mthumb -o "Core/Src/utils.o"
arm-none-eabi-gcc -o "RACK0.elf" @"objects.list"   -mcpu=cortex-m3 -T"E:\Hidroponia_colectiva\Software\bluepill_actuadores\RACK0\STM32F103C8TX_FLASH.ld" --specs=nosys.specs -Wl,-Map="RACK0.map" -Wl,--gc-sections -static --specs=nano.specs -mfloat-abi=soft -mthumb -u _printf_float -u _scanf_float -Wl,--start-group -lc -lm -Wl,--end-group
Finished building target: RACK0.elf
 
arm-none-eabi-size  RACK0.elf 
arm-none-eabi-objdump -h -S RACK0.elf  > "RACK0.list"
   text	   data	    bss	    dec	    hex	filename
  37968	    468	   2252	  40688	   9ef0	RACK0.elf
Finished building: default.size.stdout
 
Finished building: RACK0.list
 

21:50:58 Build Finished. 0 errors, 0 warnings. (took 824ms)

